\BOOKMARK [1][-]{section.1}{\376\377\0001\000\040\000I\000n\000t\000r\000o\000d\000u\000c\000t\000i\000o\000n}{}% 1
\BOOKMARK [1][-]{section.2}{\376\377\0002\000\040\000P\000r\000o\000b\000l\000e\000m\000\040\000S\000t\000a\000t\000e\000m\000e\000n\000t}{}% 2
\BOOKMARK [1][-]{section.3}{\376\377\0003\000\040\000P\000r\000o\000j\000e\000c\000t\000\040\000O\000b\000j\000e\000c\000t\000i\000v\000e\000s}{}% 3
\BOOKMARK [1][-]{section.4}{\376\377\0004\000\040\000S\000c\000o\000p\000e\000\040\000a\000n\000d\000\040\000T\000a\000r\000g\000e\000t\000\040\000U\000s\000e\000r\000s}{}% 4
\BOOKMARK [2][-]{subsection.4.1}{\376\377\0004\000.\0001\000\040\000P\000r\000o\000j\000e\000c\000t\000\040\000S\000c\000o\000p\000e}{section.4}% 5
\BOOKMARK [2][-]{subsection.4.2}{\376\377\0004\000.\0002\000\040\000T\000a\000r\000g\000e\000t\000\040\000U\000s\000e\000r\000s}{section.4}% 6
\BOOKMARK [1][-]{section.5}{\376\377\0005\000\040\000F\000u\000n\000c\000t\000i\000o\000n\000a\000l\000\040\000R\000e\000q\000u\000i\000r\000e\000m\000e\000n\000t\000s}{}% 7
\BOOKMARK [1][-]{section.6}{\376\377\0006\000\040\000N\000o\000n\000-\000F\000u\000n\000c\000t\000i\000o\000n\000a\000l\000\040\000R\000e\000q\000u\000i\000r\000e\000m\000e\000n\000t\000s}{}% 8
\BOOKMARK [1][-]{section.7}{\376\377\0007\000\040\000T\000e\000c\000h\000n\000o\000l\000o\000g\000i\000e\000s\000\040\000U\000s\000e\000d}{}% 9
\BOOKMARK [1][-]{section.8}{\376\377\0008\000\040\000S\000y\000s\000t\000e\000m\000\040\000A\000r\000c\000h\000i\000t\000e\000c\000t\000u\000r\000e}{}% 10
\BOOKMARK [2][-]{subsection.8.1}{\376\377\0008\000.\0001\000\040\000A\000r\000c\000h\000i\000t\000e\000c\000t\000u\000r\000a\000l\000\040\000L\000a\000y\000e\000r\000s}{section.8}% 11
\BOOKMARK [2][-]{subsection.8.2}{\376\377\0008\000.\0002\000\040\000M\000o\000d\000u\000l\000e\000\040\000D\000e\000p\000e\000n\000d\000e\000n\000c\000i\000e\000s}{section.8}% 12
\BOOKMARK [1][-]{section.9}{\376\377\0009\000\040\000D\000e\000t\000a\000i\000l\000e\000d\000\040\000M\000o\000d\000u\000l\000e\000\040\000D\000e\000s\000c\000r\000i\000p\000t\000i\000o\000n\000s}{}% 13
\BOOKMARK [2][-]{subsection.9.1}{\376\377\0009\000.\0001\000\040\000I\000n\000p\000u\000t\000\040\000V\000a\000l\000i\000d\000a\000t\000i\000o\000n\000\040\000M\000o\000d\000u\000l\000e}{section.9}% 14
\BOOKMARK [2][-]{subsection.9.2}{\376\377\0009\000.\0002\000\040\000F\000a\000c\000e\000\040\000D\000e\000t\000e\000c\000t\000i\000o\000n\000\040\000M\000o\000d\000u\000l\000e}{section.9}% 15
\BOOKMARK [2][-]{subsection.9.3}{\376\377\0009\000.\0003\000\040\000I\000m\000a\000g\000e\000\040\000A\000n\000a\000l\000y\000s\000i\000s\000\040\000M\000o\000d\000u\000l\000e}{section.9}% 16
\BOOKMARK [2][-]{subsection.9.4}{\376\377\0009\000.\0004\000\040\000Q\000u\000a\000l\000i\000t\000y\000\040\000A\000n\000a\000l\000y\000s\000i\000s\000\040\000M\000o\000d\000u\000l\000e}{section.9}% 17
\BOOKMARK [2][-]{subsection.9.5}{\376\377\0009\000.\0005\000\040\000E\000d\000g\000e\000\040\000D\000e\000t\000e\000c\000t\000i\000o\000n\000\040\000M\000o\000d\000u\000l\000e}{section.9}% 18
\BOOKMARK [1][-]{section.10}{\376\377\0001\0000\000\040\000C\000o\000m\000p\000u\000t\000e\000r\000\040\000V\000i\000s\000i\000o\000n\000\040\000C\000o\000n\000c\000e\000p\000t\000s\000\040\000D\000e\000m\000o\000n\000s\000t\000r\000a\000t\000e\000d}{}% 19
\BOOKMARK [1][-]{section.11}{\376\377\0001\0001\000\040\000E\000x\000c\000e\000p\000t\000i\000o\000n\000\040\000H\000a\000n\000d\000l\000i\000n\000g\000\040\000S\000t\000r\000a\000t\000e\000g\000y}{}% 20
\BOOKMARK [1][-]{section.12}{\376\377\0001\0002\000\040\000O\000u\000t\000p\000u\000t\000\040\000D\000e\000s\000i\000g\000n\000\040\000a\000n\000d\000\040\000P\000e\000r\000s\000i\000s\000t\000e\000n\000c\000e}{}% 21
\BOOKMARK [2][-]{subsection.12.1}{\376\377\0001\0002\000.\0001\000\040\000O\000u\000t\000p\000u\000t\000\040\000A\000r\000t\000e\000f\000a\000c\000t\000s}{section.12}% 22
\BOOKMARK [2][-]{subsection.12.2}{\376\377\0001\0002\000.\0002\000\040\000P\000i\000p\000e\000l\000i\000n\000e\000\040\000F\000l\000o\000w}{section.12}% 23
\BOOKMARK [1][-]{section.13}{\376\377\0001\0003\000\040\000I\000m\000p\000l\000e\000m\000e\000n\000t\000a\000t\000i\000o\000n\000\040\000D\000e\000t\000a\000i\000l\000s}{}% 24
\BOOKMARK [2][-]{subsection.13.1}{\376\377\0001\0003\000.\0001\000\040\000I\000n\000p\000u\000t\000\040\000V\000a\000l\000i\000d\000a\000t\000i\000o\000n\000\040\000L\000o\000g\000i\000c}{section.13}% 25
\BOOKMARK [2][-]{subsection.13.2}{\376\377\0001\0003\000.\0002\000\040\000H\000a\000a\000r\000\040\000C\000a\000s\000c\000a\000d\000e\000\040\000F\000a\000c\000e\000\040\000D\000e\000t\000e\000c\000t\000i\000o\000n}{section.13}% 26
\BOOKMARK [2][-]{subsection.13.3}{\376\377\0001\0003\000.\0003\000\040\000Q\000u\000a\000l\000i\000t\000y\000\040\000A\000s\000s\000e\000s\000s\000m\000e\000n\000t}{section.13}% 27
\BOOKMARK [2][-]{subsection.13.4}{\376\377\0001\0003\000.\0004\000\040\000C\000a\000n\000n\000y\000\040\000E\000d\000g\000e\000\040\000D\000e\000t\000e\000c\000t\000i\000o\000n}{section.13}% 28
\BOOKMARK [1][-]{section.14}{\376\377\0001\0004\000\040\000S\000a\000m\000p\000l\000e\000\040\000S\000y\000s\000t\000e\000m\000\040\000W\000o\000r\000k\000f\000l\000o\000w}{}% 29
\BOOKMARK [1][-]{section.15}{\376\377\0001\0005\000\040\000S\000c\000r\000e\000e\000n\000s\000h\000o\000t\000s\000\040\000a\000n\000d\000\040\000E\000x\000e\000c\000u\000t\000i\000o\000n\000\040\000E\000v\000i\000d\000e\000n\000c\000e}{}% 30
\BOOKMARK [1][-]{section.16}{\376\377\0001\0006\000\040\000T\000e\000s\000t\000i\000n\000g\000\040\000a\000n\000d\000\040\000V\000e\000r\000i\000f\000i\000c\000a\000t\000i\000o\000n}{}% 31
\BOOKMARK [2][-]{subsection.16.1}{\376\377\0001\0006\000.\0001\000\040\000A\000u\000t\000o\000m\000a\000t\000e\000d\000\040\000T\000e\000s\000t\000\040\000S\000u\000i\000t\000e\000\040\000S\000u\000m\000m\000a\000r\000y}{section.16}% 32
\BOOKMARK [2][-]{subsection.16.2}{\376\377\0001\0006\000.\0002\000\040\000M\000a\000n\000u\000a\000l\000\040\000V\000e\000r\000i\000f\000i\000c\000a\000t\000i\000o\000n\000\040\000M\000a\000t\000r\000i\000x}{section.16}% 33
\BOOKMARK [1][-]{section.17}{\376\377\0001\0007\000\040\000C\000h\000a\000l\000l\000e\000n\000g\000e\000s\000\040\000F\000a\000c\000e\000d\000\040\000a\000n\000d\000\040\000S\000o\000l\000u\000t\000i\000o\000n\000s}{}% 34
\BOOKMARK [1][-]{section.18}{\376\377\0001\0008\000\040\000K\000e\000y\000\040\000L\000e\000a\000r\000n\000i\000n\000g\000s\000\040\000a\000n\000d\000\040\000T\000a\000k\000e\000a\000w\000a\000y\000s}{}% 35
\BOOKMARK [1][-]{section.19}{\376\377\0001\0009\000\040\000L\000i\000m\000i\000t\000a\000t\000i\000o\000n\000s}{}% 36
\BOOKMARK [1][-]{section.20}{\376\377\0002\0000\000\040\000F\000u\000t\000u\000r\000e\000\040\000E\000n\000h\000a\000n\000c\000e\000m\000e\000n\000t\000s}{}% 37
\BOOKMARK [1][-]{section.21}{\376\377\0002\0001\000\040\000R\000e\000f\000e\000r\000e\000n\000c\000e\000s}{}% 38
\BOOKMARK [1][-]{section.22}{\376\377\0002\0002\000\040\000C\000o\000n\000c\000l\000u\000s\000i\000o\000n}{}% 39
